// Jest Snapshot v1, https://goo.gl/fbAQLP

exports[`<ExportExcel  /> should match snapshot 1`] = `
<button
  class="btn btn-success"
  type="button"
>
  <span
    style="margin-left: 10px;"
  >
    Export
  </span>
</button>
`;
