// Jest Snapshot v1, https://goo.gl/fbAQLP

exports[`<FesButton  /> should match snapshot 1`] = `
.c0 {
  font-style: normal;
  font-weight: bold;
  font-size: 16px;
  line-height: 19px;
  border: none;
  border-radius: 6px;
  margin: 0px 0px 0px 15px;
  padding: 10px 15px;
  background: #2A4365;
}

<button
  class="c0 btn btn-secondary"
  type="button"
>
   
  
</button>
`;
