// Jest Snapshot v1, https://goo.gl/fbAQLP

exports[`<DetailUser  /> should match snapshot 1`] = `
.c0 {
  height: 100%;
  padding: 1rem;
  background-color: #ecf0f5;
}

.c0 .wrap-chart {
  background-color: #fff;
  padding: 1rem;
  margin: 0;
}

.c0 .wrap-chart .average {
  display: block;
  margin-top: 2rem;
  text-align: center;
  color: #ff4646;
  font-size: 24px;
}

.c0 .wrap-chart .result-test p {
  color: #3c8dbc;
  font-size: 18px;
}

.c0 .info-user {
  display: -webkit-box;
  display: -webkit-flex;
  display: -ms-flexbox;
  display: flex;
}

<div
  class="c0"
>
  <div
    class="wrap-chart row"
  >
    <div
      class="col-sm-6 col-md-6"
    >
      <canvas
        height="150"
        width="300"
      />
      <b
        class="average"
      >
        Average 6.5
      </b>
    </div>
    <div
      class="col-sm-5"
    >
      <div
        class="result-test pt-4"
      >
        <b>
          Result Test
        </b>
        <p>
          1.pographers and the like. Some people hate it
        </p>
        <p>
          2.pographers and the like. Some people hate it
        </p>
        <p>
          3.pographers and the like. Some people hate it
        </p>
        <p>
          4.pographers and the like. Some people hate it
        </p>
        <p>
          5.pographers and the like. Some people hate it
        </p>
      </div>
    </div>
  </div>
</div>
`;
