// Jest Snapshot v1, https://goo.gl/fbAQLP

exports[`<DateTime  /> should match snapshot 1`] = `
<span>
  13/04/2021 22:39 pm
</span>
`;
