// Jest Snapshot v1, https://goo.gl/fbAQLP

exports[`<FesModal  /> should match snapshot 1`] = `
<div
  class=""
>
  <button
    class="btn btn-danger"
  />
</div>
`;
