// Jest Snapshot v1, https://goo.gl/fbAQLP

exports[`<LiveStream  /> should match snapshot 1`] = `
.c0 {
  background-color: #ecf0f5;
  padding: 1rem;
  height: 100%;
}

.c1 {
  color: #2c5282;
  font-family: Roboto;
  font-size: 24px;
  font-weight: bold;
  padding-top: 1.5rem;
}

<div
  class="c0"
>
  <p
    class="c1"
  >
     
    Live Stream Management
     
  </p>
  <div
    class="row"
  >
    <div
      class="col-sm-6"
    >
      <div
        class="pb-3"
      >
        <p>
          Link 
        </p>
      </div>
      <div>
        <p>
          Item Notification
        </p>
      </div>
    </div>
    <div
      class="mt-3 col-sm-12"
    >
      <button
        class="btn btn-primary"
      >
        Save
      </button>
    </div>
  </div>
</div>
`;
