// Jest Snapshot v1, https://goo.gl/fbAQLP

exports[`<LogoutIcon  /> should match snapshot 1`] = `
<svg
  fill="none"
  height="22"
  viewBox="0 0 20 22"
  width="20"
  xmlns="http://www.w3.org/2000/svg"
>
  <path
    d="M11 1L1 13H10L9 21L19 9H10L11 1Z"
    stroke="white"
    stroke-linecap="round"
    stroke-linejoin="round"
    stroke-width="2"
  />
</svg>
`;
